[DEBUG] PC_001445_2023 → meshNodeId: XtLXY@2Ka2zsLAWFD@dL...
[DEBUG] PC_002169_2025 → meshNodeId: i@iGAibMSNUbeogIO3ws...
[DEBUG] PC_001884_2023 → meshNodeId: 7yiQEhynsiy1s2IP98$i...
[DEBUG] PC_002137_2026 → meshNodeId: 629R0nWGdwxSmumFaypc...
[DEBUG] PC_002017_2024 → meshNodeId: 1sJlsH3bP6vz@VWEiQ6C...
[DEBUG] PC_1495_2025 → meshNodeId: WhoZbsL5ZIRVFpgBWfnF...
[DEBUG] PC_001826_2023 → meshNodeId: CHEXVPK2wqH1rpcAe4Gi...
[DEBUG] PC_002126_2025 → meshNodeId: ocubasSzTaBTfYN0m2io...
[DEBUG] PC_002163_2025 → meshNodeId: pfrkXrwCP1wcX8u9RAZN...
[DEBUG] PC_001885_2026 → meshNodeId: w7wZc@XoaMq$Eccl7xvU...
[DEBUG] NB_002348_2023 → meshNodeId: snCRR35DM9bXPLWdLd4d...
[DEBUG] PC_002127_2025 → meshNodeId: 8qoupaALV2j6BSOx@H1J...
[DEBUG] PC_001961_2025 → meshNodeId: 9xETjtBwkvRCi@AEnvyt...
[DEBUG] PC_001836_2025 → meshNodeId: NJDS5hBhIH9M4DPNyjSV...
[DEBUG] PC_001468_2023 → meshNodeId: FJIrTRhKb2MMJPwAePNP...
[DEBUG] PC_001947_2026 → meshNodeId: fTdK$xAxZgp@NjECnMJb...
[DEBUG] PC_001663_2023 → meshNodeId: ClLxQJQCr04qfRvbZ2k2...
[DEBUG] PC_00 → meshNodeId: yLFfNhzazhxwKExseIEc...
[DEBUG] PC_001970_2023 → meshNodeId: oWNc99QDTbVCnMIH9nKN...
[DEBUG] PC_001959_2023 → meshNodeId: Jd3UeXwcJ0Rru8fthR2c...
[DEBUG] PC_001988_2024 → meshNodeId: upkMEPU9qTVFS8Y9sIc6...
[DEBUG] BISON06 → meshNodeId: WN6HO6JpZf6G4GIlq5aY...
[DEBUG] BISON08 → meshNodeId: tIMj7Q61s@mRTQqdu82r...
[DEBUG] DESKTOP-3JOU58K → meshNodeId: mkgAxCYVNigUd7RPmM7P...
[DEBUG] PC_001709_2026 → meshNodeId: auRUaGau@cStaDGq0z3Q...
[DEBUG] PC_001987_2023 → meshNodeId: $H@MdFjSvO8nYIiDaNQF...
[DEBUG] PC_001682_2023 → meshNodeId: 7$U$3QK41gano00@xoTe...
[DEBUG] PC_001910_2026 → meshNodeId: MaXHZ@LVwj9gqhjIMETL...
[DEBUG] PC_001799_2023 → meshNodeId: W6LNE$X2ezZLUE25M@dk...
[DEBUG] PC_000133_2025 → meshNodeId: LD39k8dyf0y@L0zU9AK9...
[DEBUG] PC_001927_2024 → meshNodeId: tCOhzJk47el$okcKAe9I...
[DEBUG] PC_001704_2023 → meshNodeId: gb3hJx2M0XkOMn4CEnlJ...
[DEBUG] PC_001719_2023_1 → meshNodeId: cmxaRPTjD6yKgISiRaq1...
[DEBUG] PC_001969_2023 → meshNodeId: dPqz2$zuFfhKnsSQK34G...
[DEBUG] PC_002136_2026 → meshNodeId: aLO0CzA$TzRk7gKkpfxW...
[DEBUG] PC_001458_2023 → meshNodeId: Oul64sL$EsIeaCxOkz7N...
[DEBUG] NB_001899_2026 → meshNodeId: cmFONFfm4wKPuIDOVgOI...
[DEBUG] NB_001591_2023 → meshNodeId: vGzZNvTGbkE1L3@hI3nM...
[DEBUG] PC_001503_2025 → meshNodeId: HxYWqNpLnvFPghDeRAjB...
[DEBUG] PC_001423 → meshNodeId: z7l@7Y2flIRvkv0tF2$$...
[DEBUG] PC_001490_2024 → meshNodeId: GcgwfsCmKI8uDwjh2Lm3...
[DEBUG] PC_001676_2023 → meshNodeId: xWtDxg8NxvepsHU1jIqT...
[DEBUG] NB_001966 → meshNodeId: JZJMAtn2BQ6KHl$VKPCG...
[DEBUG] NB_001876_2023 → meshNodeId: 5um9YPZlg@yINujvCFOk...
[DEBUG] PC_000139_2023 → meshNodeId: hIAlI5eTSz23c5HO1cc8...
[DEBUG] PC_000132_2026 → meshNodeId: eODcs3rsvozmHq7TAnlc...
[DEBUG] NOTE_002021_RAMON → meshNodeId: r8H@iSMr0QnHTYVWogTS...
[DEBUG] PC_002312_2025 → meshNodeId: nUWG$oWBo$$m5Jdk69zX...
[DEBUG] PC_001885__2025 → meshNodeId: Wwkha5tg2L31Uz1bEevS...
[DEBUG] PC_001534_2024 → meshNodeId: Hhld46nrCTCxg3rEjMuw...
[DEBUG] DESKTOP-EKR6T84 → meshNodeId: zQaaLJZcVYceVH4Nheyq...
[DEBUG] PC_001468_2025 → meshNodeId: pcbkvgn0e853lsFEgfNS...
[DEBUG] PC_001481_2023 → meshNodeId: HPDP5WUEwIHYROHKBVKR...
[DEBUG] PC_001682_2026 → meshNodeId: Eme3mqUCo6Tjs5EgvSK2...
[DEBUG] PC_001662_2026 → meshNodeId: A@3ehUrJnJ4P2$D$NyGB...
[DEBUG] PC_001967_2023 → meshNodeId: lPTljssCJCzD2A@L6l4J...
[DEBUG] PC_001787_2025 → meshNodeId: PFYTCJShDP0fIESXBEji...
[DEBUG] PC_001825_2025 → meshNodeId: fpMq$1sY2C8O8xAw0O5x...
[DEBUG] PC_001698_2025 → meshNodeId: 6UiusF5tIHMkeLf42zWW...
[DEBUG] PC_001457_2023 → meshNodeId: Ldgp20CYftz2IPZSL9ky...
[DEBUG] PC_002160_2025 → meshNodeId: T9GnXTmyv8nMZsb5Ma0u...
[DEBUG] PC-001787 → meshNodeId: MAcGnLJIQQyZQxgYexOR...
[DEBUG] PC_001456_2025 → meshNodeId: Hs2L9Gn6VpXHH2Axh@Jo...
[DEBUG] PC_001948_2023 → meshNodeId: RiqlzCyZjoo0td6JJk@q...
[DEBUG] PC_001593_2024 → meshNodeId: GpuWGnoBW1wkUHFAkTTY...
[DEBUG] PC_001843_2023 → meshNodeId: pKdTW45lEbjLiww5Cenn...
[DEBUG] PC_1675_2025 → meshNodeId: uRHLOvVazlIfDC3NBC11...
[DEBUG] PC_001926_2023 → meshNodeId: f7PXnuxITfxgdm9TERrK...
[DEBUG] PC_001941_2023 → meshNodeId: zXb90TmCug$vjmpmPaek...
